

================================================================
== Vivado HLS Report for 'connectedComponents'
================================================================
* Date:           Sun Apr 23 06:44:55 2023

* Version:        2018.3 (Build 2405991 on Thu Dec 06 23:56:15 MST 2018)
* Project:        sample
* Solution:       solution1
* Product family: aartix7
* Target device:  xa7a12tcsg325-1q


================================================================
== Performance Estimates
================================================================
+ Timing (ns): 
    * Summary: 
    +--------+-------+----------+------------+
    |  Clock | Target| Estimated| Uncertainty|
    +--------+-------+----------+------------+
    |ap_clk  |  10.00|     7.630|        1.25|
    +--------+-------+----------+------------+

+ Latency (clock cycles): 
    * Summary: 
    +-----+-----+-----+-----+---------+
    |  Latency  |  Interval | Pipeline|
    | min | max | min | max |   Type  |
    +-----+-----+-----+-----+---------+
    |    ?|    ?|    ?|    ?|   none  |
    +-----+-----+-----+-----+---------+

    + Detail: 
        * Instance: 
        N/A

        * Loop: 
        +-----------------+--------+--------+----------+-----------+-----------+------+----------+
        |                 |     Latency     | Iteration|  Initiation Interval  | Trip |          |
        |    Loop Name    |   min  |   max  |  Latency |  achieved |   target  | Count| Pipelined|
        +-----------------+--------+--------+----------+-----------+-----------+------+----------+
        |- Loop 1         |  263168|  263168|       514|          -|          -|   512|    no    |
        | + Loop 1.1      |     512|     512|         1|          -|          -|   512|    no    |
        |- Loop 2         |       ?|       ?|         ?|          -|          -|   512|    no    |
        | + Loop 2.1      |       ?|       ?|         ?|          -|          -|   512|    no    |
        |  ++ Loop 2.1.1  |       ?|       ?|         2|          -|          -|     ?|    no    |
        |  ++ Loop 2.1.2  |       ?|       ?|         2|          -|          -|     ?|    no    |
        |- Loop 3         |       ?|       ?|         ?|          -|          -|   512|    no    |
        | + Loop 3.1      |       ?|       ?|         ?|          -|          -|   512|    no    |
        |  ++ Loop 3.1.1  |       ?|       ?|         2|          -|          -|     ?|    no    |
        +-----------------+--------+--------+----------+-----------+-----------+------+----------+



================================================================
== Utilization Estimates
================================================================
* Summary: 
+-----------------+---------+-------+-------+------+
|       Name      | BRAM_18K| DSP48E|   FF  |  LUT |
+-----------------+---------+-------+-------+------+
|DSP              |        -|      -|      -|     -|
|Expression       |        -|      -|      0|   749|
|FIFO             |        -|      -|      -|     -|
|Instance         |        -|      -|      -|     -|
|Memory           |     1152|      -|      0|     0|
|Multiplexer      |        -|      -|      -|   385|
|Register         |        -|      -|    627|     -|
+-----------------+---------+-------+-------+------+
|Total            |     1152|      0|    627|  1134|
+-----------------+---------+-------+-------+------+
|Available        |       40|     40|  16000|  8000|
+-----------------+---------+-------+-------+------+
|Utilization (%)  |     2880|      0|      3|    14|
+-----------------+---------+-------+-------+------+

+ Detail: 
    * Instance: 
    N/A

    * DSP48: 
    N/A

    * Memory: 
    +----------------------+----------------------------------------+---------+---+----+--------+-----+------+-------------+
    |        Memory        |                 Module                 | BRAM_18K| FF| LUT|  Words | Bits| Banks| W*Bits*Banks|
    +----------------------+----------------------------------------+---------+---+----+--------+-----+------+-------------+
    |equivLabels_child_U   |connectedComponents_equivLabels_child   |      512|  0|   0|  262144|   32|     1|      8388608|
    |equivLabels_parent_U  |connectedComponents_equivLabels_parent  |      512|  0|   0|  262144|   32|     1|      8388608|
    |markersGen_U          |connectedComponents_markersGen          |      128|  0|   0|  262144|    8|     1|      2097152|
    +----------------------+----------------------------------------+---------+---+----+--------+-----+------+-------------+
    |Total                 |                                        |     1152|  0|   0|  786432|   72|     3|     18874368|
    +----------------------+----------------------------------------+---------+---+----+--------+-----+------+-------------+

    * FIFO: 
    N/A

    * Expression: 
    +-----------------------+----------+-------+---+----+------------+------------+
    |     Variable Name     | Operation| DSP48E| FF| LUT| Bitwidth P0| Bitwidth P1|
    +-----------------------+----------+-------+---+----+------------+------------+
    |equivLabels_child_d1   |     +    |      0|  0|  39|          32|           1|
    |i_15_fu_298_p2         |     +    |      0|  0|  17|          10|           1|
    |i_16_fu_354_p2         |     +    |      0|  0|  17|          10|           1|
    |i_17_fu_624_p2         |     +    |      0|  0|  17|          10|           1|
    |j_13_fu_327_p2         |     +    |      0|  0|  17|          10|           1|
    |j_15_fu_402_p2         |     +    |      0|  0|  17|          10|           1|
    |j_16_fu_648_p2         |     +    |      0|  0|  17|          10|           1|
    |label_1_fu_516_p2      |     +    |      0|  0|  39|           1|          32|
    |tmp_141_fu_378_p2      |     +    |      0|  0|  17|          10|           2|
    |tmp_146_fu_439_p2      |     +    |      0|  0|  17|          10|           2|
    |tmp_158_fu_337_p2      |     +    |      0|  0|  27|          20|          20|
    |tmp_161_fu_412_p2      |     +    |      0|  0|  27|          20|          20|
    |tmp_167_fu_422_p2      |     +    |      0|  0|  27|          20|          20|
    |tmp_168_fu_449_p2      |     +    |      0|  0|  27|          20|          20|
    |tmp_169_fu_658_p2      |     +    |      0|  0|  27|          20|          20|
    |tmp_172_fu_506_p2      |     +    |      0|  0|  27|          20|          20|
    |tmp_174_fu_677_p2      |     +    |      0|  0|  27|          20|          20|
    |tmp_177_fu_553_p2      |     +    |      0|  0|  27|          20|          20|
    |tmp_179_fu_573_p2      |     +    |      0|  0|  27|          20|          20|
    |or_cond6_fu_537_p2     |    and   |      0|  0|   8|           1|           1|
    |exitcond1_fu_618_p2    |   icmp   |      0|  0|  13|          10|          11|
    |exitcond2_fu_396_p2    |   icmp   |      0|  0|  13|          10|          11|
    |exitcond3_fu_348_p2    |   icmp   |      0|  0|  13|          10|          11|
    |exitcond4_fu_321_p2    |   icmp   |      0|  0|  13|          10|          11|
    |exitcond5_fu_292_p2    |   icmp   |      0|  0|  13|          10|          11|
    |exitcond_fu_642_p2     |   icmp   |      0|  0|  13|          10|          11|
    |tmp_145_fu_433_p2      |   icmp   |      0|  0|  13|          10|           1|
    |tmp_149_fu_487_p2      |   icmp   |      0|  0|  11|           8|           1|
    |tmp_154_fu_527_p2      |   icmp   |      0|  0|  11|           8|           1|
    |tmp_155_fu_532_p2      |   icmp   |      0|  0|  11|           8|           1|
    |tmp_157_fu_687_p2      |   icmp   |      0|  0|  18|          32|          32|
    |tmp_160_fu_563_p2      |   icmp   |      0|  0|  18|          32|          32|
    |tmp_162_fu_583_p2      |   icmp   |      0|  0|  18|          32|          32|
    |tmp_163_fu_589_p2      |   icmp   |      0|  0|  18|          32|          32|
    |tmp_164_fu_595_p2      |   icmp   |      0|  0|  18|          32|          32|
    |tmp_165_fu_601_p2      |   icmp   |      0|  0|  18|          32|          32|
    |tmp_s_fu_372_p2        |   icmp   |      0|  0|  13|          10|           1|
    |or_cond7_fu_543_p2     |    or    |      0|  0|   8|           1|           1|
    |tmp_148_fu_481_p2      |    or    |      0|  0|  15|           8|           8|
    |rootAbove_3_fu_470_p3  |  select  |      0|  0|   8|           1|           8|
    |rootLeft_3_fu_459_p3   |  select  |      0|  0|   8|           1|           8|
    +-----------------------+----------+-------+---+----+------------+------------+
    |Total                  |          |      0|  0| 749|         601|         512|
    +-----------------------+----------+-------+---+----+------------+------------+

    * Multiplexer: 
    +--------------------------------------+-----+-----------+-----+-----------+
    |                 Name                 | LUT | Input Size| Bits| Total Bits|
    +--------------------------------------+-----+-----------+-----+-----------+
    |ap_NS_fsm                             |  101|         21|    1|         21|
    |ap_phi_mux_storemerge1_phi_fu_241_p6  |    9|          2|    8|         16|
    |equivLabels_child_address0            |   15|          3|   18|         54|
    |equivLabels_child_address1            |   15|          3|   18|         54|
    |equivLabels_parent_address0           |   41|          8|   18|        144|
    |equivLabels_parent_d0                 |   27|          5|   32|        160|
    |i1_reg_193                            |    9|          2|   10|         20|
    |i3_reg_250                            |    9|          2|   10|         20|
    |i_reg_171                             |    9|          2|   10|         20|
    |j2_reg_204                            |    9|          2|   10|         20|
    |j4_reg_261                            |    9|          2|   10|         20|
    |j_reg_182                             |    9|          2|   10|         20|
    |label_fu_38                           |    9|          2|   32|         64|
    |markersGen_address0                   |   21|          4|   18|         72|
    |markersGen_address1                   |   21|          4|   18|         72|
    |markersGen_d1                         |   15|          3|    8|         24|
    |root1_reg_272                         |    9|          2|   32|         64|
    |rootAbove_reg_227                     |    9|          2|   32|         64|
    |rootLeft_reg_216                      |    9|          2|   32|         64|
    |storemerge1_reg_238                   |   15|          3|    8|         24|
    |sureForeground_address0               |   15|          3|   18|         54|
    +--------------------------------------+-----+-----------+-----+-----------+
    |Total                                 |  385|         79|  353|       1071|
    +--------------------------------------+-----+-----------+-----+-----------+

    * Register: 
    +--------------------------------+----+----+-----+-----------+
    |              Name              | FF | LUT| Bits| Const Bits|
    +--------------------------------+----+----+-----+-----------+
    |ap_CS_fsm                       |  20|   0|   20|          0|
    |equivLabels_child_ad_1_reg_843  |  18|   0|   18|          0|
    |equivLabels_child_lo_reg_876    |  32|   0|   32|          0|
    |equivLabels_parent_a_2_reg_835  |  18|   0|   18|          0|
    |equivLabels_parent_a_3_reg_854  |  18|   0|   18|          0|
    |i1_reg_193                      |  10|   0|   10|          0|
    |i3_reg_250                      |  10|   0|   10|          0|
    |i_15_reg_706                    |  10|   0|   10|          0|
    |i_16_reg_734                    |  10|   0|   10|          0|
    |i_17_reg_892                    |  10|   0|   10|          0|
    |i_cast8_reg_698                 |  10|   0|   32|         22|
    |i_reg_171                       |  10|   0|   10|          0|
    |j2_reg_204                      |  10|   0|   10|          0|
    |j4_reg_261                      |  10|   0|   10|          0|
    |j_15_reg_761                    |  10|   0|   10|          0|
    |j_16_reg_906                    |  10|   0|   10|          0|
    |j_reg_182                       |  10|   0|   10|          0|
    |label_fu_38                     |  32|   0|   32|          0|
    |markersGen_addr_1_reg_766       |  18|   0|   18|          0|
    |markersGen_addr_2_reg_771       |  18|   0|   18|          0|
    |markersGen_addr_3_reg_911       |  18|   0|   18|          0|
    |or_cond6_reg_822                |   1|   0|    1|          0|
    |or_cond7_reg_826                |   1|   0|    1|          0|
    |root1_reg_272                   |  32|   0|   32|          0|
    |rootAbove_3_cast_reg_813        |   8|   0|   32|         24|
    |rootAbove_3_reg_807             |   8|   0|    8|          0|
    |rootAbove_reg_227               |  32|   0|   32|          0|
    |rootLeft_3_cast_reg_802         |   8|   0|   32|         24|
    |rootLeft_3_reg_796              |   8|   0|    8|          0|
    |rootLeft_reg_216                |  32|   0|   32|          0|
    |storemerge1_reg_238             |   8|   0|    8|          0|
    |sureForeground_load_1_reg_922   |   1|   0|    1|          0|
    |sureForeground_load_reg_782     |   1|   0|    1|          0|
    |tmp_145_reg_786                 |   1|   0|    1|          0|
    |tmp_149_reg_818                 |   1|   0|    1|          0|
    |tmp_163_reg_872                 |   1|   0|    1|          0|
    |tmp_164_reg_881                 |   1|   0|    1|          0|
    |tmp_165_reg_885                 |   1|   0|    1|          0|
    |tmp_175_cast_reg_711            |  10|   0|   20|         10|
    |tmp_177_cast_reg_739            |  10|   0|   20|         10|
    |tmp_179_cast_reg_753            |  11|   0|   20|          9|
    |tmp_182_cast_reg_897            |  10|   0|   20|         10|
    |tmp_189_cast_reg_830            |  64|   0|   64|          0|
    |tmp_190_cast_reg_849            |  64|   0|   64|          0|
    |tmp_s_reg_748                   |   1|   0|    1|          0|
    +--------------------------------+----+----+-----+-----------+
    |Total                           | 627|   0|  736|        109|
    +--------------------------------+----+----+-----+-----------+



================================================================
== Interface
================================================================
* Summary: 
+-------------------------+-----+-----+------------+---------------------+--------------+
|        RTL Ports        | Dir | Bits|  Protocol  |    Source Object    |    C Type    |
+-------------------------+-----+-----+------------+---------------------+--------------+
|ap_clk                   |  in |    1| ap_ctrl_hs | connectedComponents | return value |
|ap_rst                   |  in |    1| ap_ctrl_hs | connectedComponents | return value |
|ap_start                 |  in |    1| ap_ctrl_hs | connectedComponents | return value |
|ap_done                  | out |    1| ap_ctrl_hs | connectedComponents | return value |
|ap_idle                  | out |    1| ap_ctrl_hs | connectedComponents | return value |
|ap_ready                 | out |    1| ap_ctrl_hs | connectedComponents | return value |
|sureForeground_address0  | out |   18|  ap_memory |    sureForeground   |     array    |
|sureForeground_ce0       | out |    1|  ap_memory |    sureForeground   |     array    |
|sureForeground_q0        |  in |    1|  ap_memory |    sureForeground   |     array    |
+-------------------------+-----+-----+------------+---------------------+--------------+

