

================================================================
== Vivado HLS Report for 'distanceTransform'
================================================================
* Date:           Sun Apr 23 06:44:53 2023

* Version:        2018.3 (Build 2405991 on Thu Dec 06 23:56:15 MST 2018)
* Project:        sample
* Solution:       solution1
* Product family: aartix7
* Target device:  xa7a12tcsg325-1q


================================================================
== Performance Estimates
================================================================
+ Timing (ns): 
    * Summary: 
    +--------+-------+----------+------------+
    |  Clock | Target| Estimated| Uncertainty|
    +--------+-------+----------+------------+
    |ap_clk  |  10.00|     8.606|        1.25|
    +--------+-------+----------+------------+

+ Latency (clock cycles): 
    * Summary: 
    +---------+----------+---------+----------+---------+
    |       Latency      |      Interval      | Pipeline|
    |   min   |    max   |   min   |    max   |   Type  |
    +---------+----------+---------+----------+---------+
    |  2100227|  13110275|  2100227|  13110275|   none  |
    +---------+----------+---------+----------+---------+

    + Detail: 
        * Instance: 
        N/A

        * Loop: 
        +-------------+---------+---------+--------------+-----------+-----------+------+----------+
        |             |      Latency      |   Iteration  |  Initiation Interval  | Trip |          |
        |  Loop Name  |   min   |   max   |    Latency   |  achieved |   target  | Count| Pipelined|
        +-------------+---------+---------+--------------+-----------+-----------+------+----------+
        |- Loop 1     |   263168|   263168|           514|          -|          -|   512|    no    |
        | + Loop 1.1  |      512|      512|             1|          -|          -|   512|    no    |
        |- Loop 2     |   787456|  6554624| 1538 ~ 12802 |          -|          -|   512|    no    |
        | + Loop 2.1  |     1536|    12800|    3 ~ 25    |          -|          -|   512|    no    |
        |- Loop 3     |  1049600|  6292480| 2050 ~ 12290 |          -|          -|   512|    no    |
        | + Loop 3.1  |     2048|    12288|    4 ~ 24    |          -|          -|   512|    no    |
        +-------------+---------+---------+--------------+-----------+-----------+------+----------+



================================================================
== Utilization Estimates
================================================================
* Summary: 
+-----------------+---------+-------+-------+------+
|       Name      | BRAM_18K| DSP48E|   FF  |  LUT |
+-----------------+---------+-------+-------+------+
|DSP              |        -|      -|      -|     -|
|Expression       |        -|      -|      0|  1190|
|FIFO             |        -|      -|      -|     -|
|Instance         |        -|      5|   1138|  2684|
|Memory           |        -|      -|      -|     -|
|Multiplexer      |        -|      -|      -|   517|
|Register         |        -|      -|    583|     -|
+-----------------+---------+-------+-------+------+
|Total            |        0|      5|   1721|  4391|
+-----------------+---------+-------+-------+------+
|Available        |       40|     40|  16000|  8000|
+-----------------+---------+-------+-------+------+
|Utilization (%)  |        0|     12|     10|    54|
+-----------------+---------+-------+-------+------+

+ Detail: 
    * Instance: 
    +----------------------------------------------------+------------------------------------------------+---------+-------+-----+------+
    |                      Instance                      |                     Module                     | BRAM_18K| DSP48E|  FF |  LUT |
    +----------------------------------------------------+------------------------------------------------+---------+-------+-----+------+
    |imageProcessing_dadd_64ns_64ns_64_6_full_dsp_1_U35  |imageProcessing_dadd_64ns_64ns_64_6_full_dsp_1  |        0|      3|  509|  1165|
    |imageProcessing_dcmp_64ns_64ns_1_1_1_U36            |imageProcessing_dcmp_64ns_64ns_1_1_1            |        0|      0|  130|   469|
    |imageProcessing_fadd_32ns_32ns_32_5_full_dsp_1_U31  |imageProcessing_fadd_32ns_32ns_32_5_full_dsp_1  |        0|      2|  205|   390|
    |imageProcessing_fcmp_32ns_32ns_1_1_1_U34            |imageProcessing_fcmp_32ns_32ns_1_1_1            |        0|      0|   66|   239|
    |imageProcessing_fpext_32ns_64_1_1_U33               |imageProcessing_fpext_32ns_64_1_1               |        0|      0|  100|   137|
    |imageProcessing_fptrunc_64ns_32_1_1_U32             |imageProcessing_fptrunc_64ns_32_1_1             |        0|      0|  128|   284|
    +----------------------------------------------------+------------------------------------------------+---------+-------+-----+------+
    |Total                                               |                                                |        0|      5| 1138|  2684|
    +----------------------------------------------------+------------------------------------------------+---------+-------+-----+------+

    * DSP48: 
    N/A

    * Memory: 
    N/A

    * FIFO: 
    N/A

    * Expression: 
    +-----------------------+----------+-------+---+----+------------+------------+
    |     Variable Name     | Operation| DSP48E| FF| LUT| Bitwidth P0| Bitwidth P1|
    +-----------------------+----------+-------+---+----+------------+------------+
    |grp_fu_261_p2          |     +    |      0|  0|  17|           2|          10|
    |grp_fu_267_p2          |     +    |      0|  0|  17|           1|          10|
    |i_13_fu_325_p2         |     +    |      0|  0|  17|          10|           1|
    |j_12_fu_349_p2         |     +    |      0|  0|  17|          10|           1|
    |tmp_105_fu_470_p2      |     +    |      0|  0|  27|          20|          20|
    |tmp_110_fu_812_p2      |     +    |      0|  0|  27|          20|          20|
    |tmp_112_fu_832_p2      |     +    |      0|  0|  27|          20|          20|
    |tmp_122_fu_930_p2      |     +    |      0|  0|  27|          20|          20|
    |tmp_125_fu_940_p2      |     +    |      0|  0|  27|          20|          20|
    |tmp_135_fu_656_p2      |     +    |      0|  0|  27|          20|          20|
    |tmp_138_fu_1042_p2     |     +    |      0|  0|  27|          20|          20|
    |tmp_139_fu_1056_p2     |     +    |      0|  0|  27|          20|          20|
    |tmp_84_fu_359_p2       |     +    |      0|  0|  27|          20|          20|
    |tmp_98_fu_433_p2       |     +    |      0|  0|  27|          20|          20|
    |tmp_99_fu_444_p2       |     +    |      0|  0|  27|          20|          20|
    |x_2_fu_423_p2          |     +    |      0|  0|  17|          10|           1|
    |x_fu_1150_p2           |     +    |      0|  0|  17|          10|           2|
    |y2_assign_1_fu_776_p2  |     +    |      0|  0|  17|          10|           1|
    |y2_assign_fu_399_p2    |     +    |      0|  0|  17|          10|           2|
    |y_2_fu_822_p2          |     +    |      0|  0|  17|          10|           2|
    |y_fu_375_p2            |     +    |      0|  0|  17|          10|           1|
    |or_cond4_fu_1034_p2    |    and   |      0|  0|   8|           1|           1|
    |or_cond_fu_648_p2      |    and   |      0|  0|   8|           1|           1|
    |tmp_128_fu_1138_p2     |    and   |      0|  0|   8|           1|           1|
    |tmp_130_fu_1144_p2     |    and   |      0|  0|   8|           1|           1|
    |tmp_53_fu_552_p2       |    and   |      0|  0|   8|           1|           1|
    |tmp_55_fu_558_p2       |    and   |      0|  0|   8|           1|           1|
    |tmp_62_fu_914_p2       |    and   |      0|  0|   8|           1|           1|
    |tmp_64_fu_920_p2       |    and   |      0|  0|   8|           1|           1|
    |tmp_71_fu_636_p2       |    and   |      0|  0|   8|           1|           1|
    |tmp_73_fu_642_p2       |    and   |      0|  0|   8|           1|           1|
    |tmp_80_fu_1022_p2      |    and   |      0|  0|   8|           1|           1|
    |tmp_82_fu_1028_p2      |    and   |      0|  0|   8|           1|           1|
    |tmp_89_fu_738_p2       |    and   |      0|  0|   8|           1|           1|
    |tmp_91_fu_744_p2       |    and   |      0|  0|   8|           1|           1|
    |exitcond1_fu_369_p2    |   icmp   |      0|  0|  13|          10|          11|
    |exitcond2_fu_343_p2    |   icmp   |      0|  0|  13|          10|          11|
    |exitcond3_fu_319_p2    |   icmp   |      0|  0|  13|          10|          11|
    |exitcond_fu_417_p2     |   icmp   |      0|  0|  13|          10|          11|
    |notlhs10_fu_1102_p2    |   icmp   |      0|  0|  13|          11|           2|
    |notlhs11_fu_1120_p2    |   icmp   |      0|  0|  13|          11|           2|
    |notlhs1_fu_878_p2      |   icmp   |      0|  0|  11|           8|           2|
    |notlhs2_fu_896_p2      |   icmp   |      0|  0|  11|           8|           2|
    |notlhs3_fu_986_p2      |   icmp   |      0|  0|  11|           8|           2|
    |notlhs4_fu_1004_p2     |   icmp   |      0|  0|  11|           8|           2|
    |notlhs5_fu_720_p2      |   icmp   |      0|  0|  13|          11|           2|
    |notlhs6_fu_516_p2      |   icmp   |      0|  0|  11|           8|           2|
    |notlhs7_fu_600_p2      |   icmp   |      0|  0|  11|           8|           2|
    |notlhs8_fu_534_p2      |   icmp   |      0|  0|  11|           8|           2|
    |notlhs9_fu_618_p2      |   icmp   |      0|  0|  11|           8|           2|
    |notlhs_fu_702_p2       |   icmp   |      0|  0|  13|          11|           2|
    |notrhs10_fu_1108_p2    |   icmp   |      0|  0|  29|          52|           1|
    |notrhs11_fu_1126_p2    |   icmp   |      0|  0|  29|          52|           1|
    |notrhs1_fu_902_p2      |   icmp   |      0|  0|  18|          23|           1|
    |notrhs2_fu_624_p2      |   icmp   |      0|  0|  18|          23|           1|
    |notrhs3_fu_992_p2      |   icmp   |      0|  0|  18|          23|           1|
    |notrhs4_fu_1010_p2     |   icmp   |      0|  0|  18|          23|           1|
    |notrhs5_fu_522_p2      |   icmp   |      0|  0|  18|          23|           1|
    |notrhs6_fu_726_p2      |   icmp   |      0|  0|  29|          52|           1|
    |notrhs7_fu_540_p2      |   icmp   |      0|  0|  18|          23|           1|
    |notrhs8_fu_606_p2      |   icmp   |      0|  0|  18|          23|           1|
    |notrhs9_fu_884_p2      |   icmp   |      0|  0|  18|          23|           1|
    |notrhs_fu_708_p2       |   icmp   |      0|  0|  29|          52|           1|
    |tmp_100_fu_454_p2      |   icmp   |      0|  0|  11|           8|           1|
    |tmp_102_fu_460_p2      |   icmp   |      0|  0|  13|          10|           1|
    |tmp_103_fu_802_p2      |   icmp   |      0|  0|  13|          10|           9|
    |tmp_95_fu_770_p2       |   icmp   |      0|  0|  13|          10|           9|
    |tmp_s_fu_393_p2        |   icmp   |      0|  0|  13|          10|           1|
    |tmp_127_fu_1132_p2     |    or    |      0|  0|   8|           1|           1|
    |tmp_51_fu_528_p2       |    or    |      0|  0|   8|           1|           1|
    |tmp_52_fu_546_p2       |    or    |      0|  0|   8|           1|           1|
    |tmp_60_fu_890_p2       |    or    |      0|  0|   8|           1|           1|
    |tmp_61_fu_908_p2       |    or    |      0|  0|   8|           1|           1|
    |tmp_69_fu_612_p2       |    or    |      0|  0|   8|           1|           1|
    |tmp_70_fu_630_p2       |    or    |      0|  0|   8|           1|           1|
    |tmp_78_fu_998_p2       |    or    |      0|  0|   8|           1|           1|
    |tmp_79_fu_1016_p2      |    or    |      0|  0|   8|           1|           1|
    |tmp_87_fu_714_p2       |    or    |      0|  0|   8|           1|           1|
    |tmp_88_fu_732_p2       |    or    |      0|  0|   8|           1|           1|
    |tmp_96_fu_1114_p2      |    or    |      0|  0|   8|           1|           1|
    +-----------------------+----------+-------+---+----+------------+------------+
    |Total                  |          |      0|  0|1190|         917|         378|
    +-----------------------+----------+-------+---+----+------------+------------+

    * Multiplexer: 
    +----------------------+-----+-----------+-----+-----------+
    |         Name         | LUT | Input Size| Bits| Total Bits|
    +----------------------+-----+-----------+-----+-----------+
    |ap_NS_fsm             |  237|         55|    1|         55|
    |grp_fu_235_p0         |   15|          3|   32|         96|
    |grp_fu_243_p0         |   15|          3|   32|         96|
    |grp_fu_248_p0         |   15|          3|   32|         96|
    |grp_fu_248_p1         |   15|          3|   32|         96|
    |grp_fu_267_p1         |   15|          3|   10|         30|
    |i_reg_166             |    9|          2|   10|         20|
    |j_reg_177             |    9|          2|   10|         20|
    |outputImage_address0  |   44|          9|   18|        162|
    |outputImage_address1  |   41|          8|   18|        144|
    |outputImage_d0        |   27|          5|   32|        160|
    |outputImage_d1        |   21|          4|   32|        128|
    |reg_274               |    9|          2|   32|         64|
    |reg_288               |    9|          2|   32|         64|
    |x1_assign_1_reg_223   |    9|          2|   10|         20|
    |x1_assign_reg_199     |    9|          2|   10|         20|
    |y1_assign_1_reg_211   |    9|          2|   10|         20|
    |y1_assign_reg_188     |    9|          2|   10|         20|
    +----------------------+-----+-----------+-----+-----------+
    |Total                 |  517|        112|  363|       1311|
    +----------------------+-----+-----------+-----+-----------+

    * Register: 
    +------------------------------+----+----+-----+-----------+
    |             Name             | FF | LUT| Bits| Const Bits|
    +------------------------------+----+----+-----+-----------+
    |ap_CS_fsm                     |  54|   0|   54|          0|
    |i_13_reg_1159                 |  10|   0|   10|          0|
    |i_reg_166                     |  10|   0|   10|          0|
    |j_reg_177                     |  10|   0|   10|          0|
    |or_cond4_reg_1322             |   1|   0|    1|          0|
    |or_cond_reg_1246              |   1|   0|    1|          0|
    |outputImage_addr_10_reg_1331  |  18|   0|   18|          0|
    |outputImage_addr_1_reg_1215   |  18|   0|   18|          0|
    |outputImage_addr_3_reg_1299   |  18|   0|   18|          0|
    |outputImage_addr_5_reg_1221   |  18|   0|   18|          0|
    |outputImage_addr_7_reg_1313   |  18|   0|   18|          0|
    |reg_274                       |  32|   0|   32|          0|
    |reg_281                       |  32|   0|   32|          0|
    |reg_288                       |  32|   0|   32|          0|
    |reg_295                       |  32|   0|   32|          0|
    |reg_302                       |  64|   0|   64|          0|
    |reg_308                       |  64|   0|   64|          0|
    |reg_314                       |  32|   0|   32|          0|
    |tmp_100_reg_1226              |   1|   0|    1|          0|
    |tmp_102_reg_1230              |   1|   0|    1|          0|
    |tmp_103_cast_reg_1185         |  10|   0|   20|         10|
    |tmp_103_reg_1284              |   1|   0|    1|          0|
    |tmp_130_reg_1337              |   1|   0|    1|          0|
    |tmp_135_cast_reg_1196         |  11|   0|   20|          9|
    |tmp_139_cast_reg_1262         |  11|   0|   20|          9|
    |tmp_141_cast_reg_1275         |  10|   0|   20|         10|
    |tmp_91_reg_1255               |   1|   0|    1|          0|
    |tmp_95_reg_1270               |   1|   0|    1|          0|
    |tmp_98_cast_reg_1164          |  10|   0|   20|         10|
    |tmp_s_reg_1191                |   1|   0|    1|          0|
    |x1_assign_1_reg_223           |  10|   0|   10|          0|
    |x1_assign_reg_199             |  10|   0|   10|          0|
    |x_2_reg_1205                  |  10|   0|   10|          0|
    |y1_assign_1_reg_211           |  10|   0|   10|          0|
    |y1_assign_reg_188             |  10|   0|   10|          0|
    |y_reg_1180                    |  10|   0|   10|          0|
    +------------------------------+----+----+-----+-----------+
    |Total                         | 583|   0|  631|         48|
    +------------------------------+----+----+-----+-----------+



================================================================
== Interface
================================================================
* Summary: 
+-----------------------+-----+-----+------------+-------------------+--------------+
|       RTL Ports       | Dir | Bits|  Protocol  |   Source Object   |    C Type    |
+-----------------------+-----+-----+------------+-------------------+--------------+
|ap_clk                 |  in |    1| ap_ctrl_hs | distanceTransform | return value |
|ap_rst                 |  in |    1| ap_ctrl_hs | distanceTransform | return value |
|ap_start               |  in |    1| ap_ctrl_hs | distanceTransform | return value |
|ap_done                | out |    1| ap_ctrl_hs | distanceTransform | return value |
|ap_idle                | out |    1| ap_ctrl_hs | distanceTransform | return value |
|ap_ready               | out |    1| ap_ctrl_hs | distanceTransform | return value |
|outputImage_address0   | out |   18|  ap_memory |    outputImage    |     array    |
|outputImage_ce0        | out |    1|  ap_memory |    outputImage    |     array    |
|outputImage_we0        | out |    1|  ap_memory |    outputImage    |     array    |
|outputImage_d0         | out |   32|  ap_memory |    outputImage    |     array    |
|outputImage_q0         |  in |   32|  ap_memory |    outputImage    |     array    |
|outputImage_address1   | out |   18|  ap_memory |    outputImage    |     array    |
|outputImage_ce1        | out |    1|  ap_memory |    outputImage    |     array    |
|outputImage_we1        | out |    1|  ap_memory |    outputImage    |     array    |
|outputImage_d1         | out |   32|  ap_memory |    outputImage    |     array    |
|outputImage_q1         |  in |   32|  ap_memory |    outputImage    |     array    |
|morphOpening_address0  | out |   18|  ap_memory |    morphOpening   |     array    |
|morphOpening_ce0       | out |    1|  ap_memory |    morphOpening   |     array    |
|morphOpening_q0        |  in |    8|  ap_memory |    morphOpening   |     array    |
+-----------------------+-----+-----+------------+-------------------+--------------+

