

================================================================
== Vivado HLS Report for 'RGBtoGray_512_512_2'
================================================================
* Date:           Sun Apr 23 06:44:49 2023

* Version:        2018.3 (Build 2405991 on Thu Dec 06 23:56:15 MST 2018)
* Project:        sample
* Solution:       solution1
* Product family: aartix7
* Target device:  xa7a12tcsg325-1q


================================================================
== Performance Estimates
================================================================
+ Timing (ns): 
    * Summary: 
    +--------+-------+----------+------------+
    |  Clock | Target| Estimated| Uncertainty|
    +--------+-------+----------+------------+
    |ap_clk  |  10.00|     8.374|        1.25|
    +--------+-------+----------+------------+

+ Latency (clock cycles): 
    * Summary: 
    +---------+---------+---------+---------+---------+
    |      Latency      |      Interval     | Pipeline|
    |   min   |   max   |   min   |   max   |   Type  |
    +---------+---------+---------+---------+---------+
    |  7865345|  7865345|  7865345|  7865345|   none  |
    +---------+---------+---------+---------+---------+

    + Detail: 
        * Instance: 
        N/A

        * Loop: 
        +-------------+---------+---------+----------+-----------+-----------+------+----------+
        |             |      Latency      | Iteration|  Initiation Interval  | Trip |          |
        |  Loop Name  |   min   |   max   |  Latency |  achieved |   target  | Count| Pipelined|
        +-------------+---------+---------+----------+-----------+-----------+------+----------+
        |- Loop 1     |  7865344|  7865344|     15362|          -|          -|   512|    no    |
        | + Loop 1.1  |    15360|    15360|        30|          -|          -|   512|    no    |
        +-------------+---------+---------+----------+-----------+-----------+------+----------+



================================================================
== Utilization Estimates
================================================================
* Summary: 
+-----------------+---------+-------+-------+------+
|       Name      | BRAM_18K| DSP48E|   FF  |  LUT |
+-----------------+---------+-------+-------+------+
|DSP              |        -|      -|      -|     -|
|Expression       |        -|      -|      0|  1169|
|FIFO             |        -|      -|      -|     -|
|Instance         |        -|     14|   1169|  2371|
|Memory           |        4|      -|      0|     0|
|Multiplexer      |        -|      -|      -|   197|
|Register         |        -|      -|    594|     -|
+-----------------+---------+-------+-------+------+
|Total            |        4|     14|   1763|  3737|
+-----------------+---------+-------+-------+------+
|Available        |       40|     40|  16000|  8000|
+-----------------+---------+-------+-------+------+
|Utilization (%)  |       10|     35|     11|    46|
+-----------------+---------+-------+-------+------+

+ Detail: 
    * Instance: 
    +---------------------------------------------------+------------------------------------------------+---------+-------+-----+------+
    |                      Instance                     |                     Module                     | BRAM_18K| DSP48E|  FF |  LUT |
    +---------------------------------------------------+------------------------------------------------+---------+-------+-----+------+
    |imageProcessing_dadd_64ns_64ns_64_6_full_dsp_1_U1  |imageProcessing_dadd_64ns_64ns_64_6_full_dsp_1  |        0|      3|  509|  1165|
    |imageProcessing_dmul_64ns_64ns_64_6_max_dsp_1_U2   |imageProcessing_dmul_64ns_64ns_64_6_max_dsp_1   |        0|     11|  317|   575|
    |imageProcessing_sitodp_32ns_64_5_1_U3              |imageProcessing_sitodp_32ns_64_5_1              |        0|      0|  343|   631|
    +---------------------------------------------------+------------------------------------------------+---------+-------+-----+------+
    |Total                                              |                                                |        0|     14| 1169|  2371|
    +---------------------------------------------------+------------------------------------------------+---------+-------+-----+------+

    * DSP48: 
    N/A

    * Memory: 
    +-------------------+-------------------------------------+---------+---+----+------+-----+------+-------------+
    |       Memory      |                Module               | BRAM_18K| FF| LUT| Words| Bits| Banks| W*Bits*Banks|
    +-------------------+-------------------------------------+---------+---+----+------+-----+------+-------------+
    |mask_table1_U      |RGBtoGray_512_512_2_mask_table1      |        2|  0|   0|    64|   52|     1|         3328|
    |one_half_table2_U  |RGBtoGray_512_512_2_one_half_table2  |        2|  0|   0|    64|   53|     1|         3392|
    +-------------------+-------------------------------------+---------+---+----+------+-----+------+-------------+
    |Total              |                                     |        4|  0|   0|   128|  105|     2|         6720|
    +-------------------+-------------------------------------+---------+---+----+------+-----+------+-------------+

    * FIFO: 
    N/A

    * Expression: 
    +-----------------------+----------+-------+---+-----+------------+------------+
    |     Variable Name     | Operation| DSP48E| FF| LUT | Bitwidth P0| Bitwidth P1|
    +-----------------------+----------+-------+---+-----+------------+------------+
    |i_18_fu_209_p2         |     +    |      0|  0|   17|          10|           1|
    |j_17_fu_233_p2         |     +    |      0|  0|   17|          10|           1|
    |p_Val2_s_fu_333_p2     |     +    |      0|  0|   71|          64|          64|
    |sh_assign_fu_434_p2    |     +    |      0|  0|   19|          11|          12|
    |tmp_s_fu_243_p2        |     +    |      0|  0|   27|          20|          20|
    |tmp_i_i_i_fu_448_p2    |     -    |      0|  0|   18|          10|          11|
    |sel_tmp2_fu_387_p2     |    and   |      0|  0|    8|           1|           1|
    |xs_sig_V_fu_347_p2     |    and   |      0|  0|   59|          52|          52|
    |exitcond1_fu_203_p2    |   icmp   |      0|  0|   13|          10|          11|
    |exitcond_fu_227_p2     |   icmp   |      0|  0|   13|          10|          11|
    |tmp_213_i_i_fu_293_p2  |   icmp   |      0|  0|   13|          11|          11|
    |tmp_i_i_fu_287_p2      |   icmp   |      0|  0|   13|          11|          10|
    |r_V_fu_477_p2          |   lshr   |      0|  0|  162|          54|          54|
    |sel_tmp_v_fu_371_p3    |  select  |      0|  0|   64|           1|          64|
    |tmp_170_fu_257_p3      |  select  |      0|  0|   63|           1|          63|
    |tmp_177_fu_265_p3      |  select  |      0|  0|   63|           1|          63|
    |ush_fu_457_p3          |  select  |      0|  0|   12|           1|          12|
    |val_V_fu_511_p3        |  select  |      0|  0|    8|           1|           8|
    |x_assign_1_fu_392_p3   |  select  |      0|  0|   64|           1|          64|
    |r_V_2_fu_483_p2        |    shl   |      0|  0|  378|         113|         113|
    |sel_tmp1_fu_382_p2     |    xor   |      0|  0|    8|           1|           2|
    |tmp_216_i_i_fu_342_p2  |    xor   |      0|  0|   59|          52|           2|
    +-----------------------+----------+-------+---+-----+------------+------------+
    |Total                  |          |      0|  0| 1169|         446|         650|
    +-----------------------+----------+-------+---+-----+------------+------------+

    * Multiplexer: 
    +---------------+-----+-----------+-----+-----------+
    |      Name     | LUT | Input Size| Bits| Total Bits|
    +---------------+-----+-----------+-----+-----------+
    |ap_NS_fsm      |  149|         33|    1|         33|
    |grp_fu_186_p0  |   15|          3|   64|        192|
    |grp_fu_186_p1  |   15|          3|   64|        192|
    |i_reg_164      |    9|          2|   10|         20|
    |j_reg_175      |    9|          2|   10|         20|
    +---------------+-----+-----------+-----+-----------+
    |Total          |  197|         43|  149|        457|
    +---------------+-----+-----------+-----+-----------+

    * Register: 
    +----------------------+----+----+-----+-----------+
    |         Name         | FF | LUT| Bits| Const Bits|
    +----------------------+----+----+-----+-----------+
    |ap_CS_fsm             |  32|   0|   32|          0|
    |i_18_reg_522          |  10|   0|   10|          0|
    |i_reg_164             |  10|   0|   10|          0|
    |input_g_load_reg_552  |   1|   0|    1|          0|
    |j_17_reg_535          |  10|   0|   10|          0|
    |j_reg_175             |  10|   0|   10|          0|
    |mask_reg_619          |  52|   0|   52|          0|
    |one_half_reg_624      |  53|   0|   53|          0|
    |reg_198               |  64|   0|   64|          0|
    |t_V_1_reg_592         |  64|   0|   64|          0|
    |tmp_170_reg_572       |  29|   0|   64|         35|
    |tmp_172_reg_562       |  64|   0|   64|          0|
    |tmp_173_reg_577       |  64|   0|   64|          0|
    |tmp_177_reg_587       |  28|   0|   64|         36|
    |tmp_191_cast_reg_527  |  10|   0|   20|         10|
    |tmp_192_cast_reg_540  |  20|   0|   64|         44|
    |tmp_213_i_i_reg_604   |   1|   0|    1|          0|
    |tmp_V_3_reg_629       |  11|   0|   11|          0|
    |tmp_V_4_reg_635       |  52|   0|   52|          0|
    |tmp_i_i_reg_598       |   1|   0|    1|          0|
    |val_V_reg_640         |   8|   0|    8|          0|
    +----------------------+----+----+-----+-----------+
    |Total                 | 594|   0|  719|        125|
    +----------------------+----+----+-----+-----------+



================================================================
== Interface
================================================================
* Summary: 
+-------------------+-----+-----+------------+----------------------+--------------+
|     RTL Ports     | Dir | Bits|  Protocol  |     Source Object    |    C Type    |
+-------------------+-----+-----+------------+----------------------+--------------+
|ap_clk             |  in |    1| ap_ctrl_hs | RGBtoGray<512, 512>2 | return value |
|ap_rst             |  in |    1| ap_ctrl_hs | RGBtoGray<512, 512>2 | return value |
|ap_start           |  in |    1| ap_ctrl_hs | RGBtoGray<512, 512>2 | return value |
|ap_done            | out |    1| ap_ctrl_hs | RGBtoGray<512, 512>2 | return value |
|ap_idle            | out |    1| ap_ctrl_hs | RGBtoGray<512, 512>2 | return value |
|ap_ready           | out |    1| ap_ctrl_hs | RGBtoGray<512, 512>2 | return value |
|input_r_address0   | out |   18|  ap_memory |        input_r       |     array    |
|input_r_ce0        | out |    1|  ap_memory |        input_r       |     array    |
|input_r_q0         |  in |    1|  ap_memory |        input_r       |     array    |
|input_g_address0   | out |   18|  ap_memory |        input_g       |     array    |
|input_g_ce0        | out |    1|  ap_memory |        input_g       |     array    |
|input_g_q0         |  in |    1|  ap_memory |        input_g       |     array    |
|input_b_address0   | out |   18|  ap_memory |        input_b       |     array    |
|input_b_ce0        | out |    1|  ap_memory |        input_b       |     array    |
|input_b_q0         |  in |    1|  ap_memory |        input_b       |     array    |
|output_r_address0  | out |   18|  ap_memory |       output_r       |     array    |
|output_r_ce0       | out |    1|  ap_memory |       output_r       |     array    |
|output_r_we0       | out |    1|  ap_memory |       output_r       |     array    |
|output_r_d0        | out |    8|  ap_memory |       output_r       |     array    |
+-------------------+-----+-----+------------+----------------------+--------------+

