

================================================================
== Vivado HLS Report for 'watershed_algorithm'
================================================================
* Date:           Sun Apr 23 06:44:56 2023

* Version:        2018.3 (Build 2405991 on Thu Dec 06 23:56:15 MST 2018)
* Project:        sample
* Solution:       solution1
* Product family: aartix7
* Target device:  xa7a12tcsg325-1q


================================================================
== Performance Estimates
================================================================
+ Timing (ns): 
    * Summary: 
    +--------+-------+----------+------------+
    |  Clock | Target| Estimated| Uncertainty|
    +--------+-------+----------+------------+
    |ap_clk  |  10.00|     8.244|        1.25|
    +--------+-------+----------+------------+

+ Latency (clock cycles): 
    * Summary: 
    +-----+-----+-----+-----+---------+
    |  Latency  |  Interval | Pipeline|
    | min | max | min | max |   Type  |
    +-----+-----+-----+-----+---------+
    |    ?|    ?|    ?|    ?|   none  |
    +-----+-----+-----+-----+---------+

    + Detail: 
        * Instance: 
        N/A

        * Loop: 
        +-------------+--------+--------+----------+-----------+-----------+------+----------+
        |             |     Latency     | Iteration|  Initiation Interval  | Trip |          |
        |  Loop Name  |   min  |   max  |  Latency |  achieved |   target  | Count| Pipelined|
        +-------------+--------+--------+----------+-----------+-----------+------+----------+
        |- Loop 1     |  525312|  525312|      1026|          -|          -|   512|    no    |
        | + Loop 1.1  |    1024|    1024|         2|          -|          -|   512|    no    |
        |- Loop 2     |  787456|  787456|      1538|          -|          -|   512|    no    |
        | + Loop 2.1  |    1536|    1536|         3|          -|          -|   512|    no    |
        |- Loop 3     |       ?|       ?|  37 ~ 69 |          -|          -|     ?|    no    |
        | + Loop 3.1  |      32|      64|   4 ~ 8  |          -|          -|     8|    no    |
        +-------------+--------+--------+----------+-----------+-----------+------+----------+



================================================================
== Utilization Estimates
================================================================
* Summary: 
+-----------------+---------+-------+-------+------+
|       Name      | BRAM_18K| DSP48E|   FF  |  LUT |
+-----------------+---------+-------+-------+------+
|DSP              |        -|      -|      -|     -|
|Expression       |        -|      -|      0|   844|
|FIFO             |        -|      -|      -|     -|
|Instance         |        -|      -|      -|     -|
|Memory           |     1664|      -|      4|     2|
|Multiplexer      |        -|      -|      -|   386|
|Register         |        -|      -|    743|     -|
+-----------------+---------+-------+-------+------+
|Total            |     1664|      0|    747|  1232|
+-----------------+---------+-------+-------+------+
|Available        |       40|     40|  16000|  8000|
+-----------------+---------+-------+-------+------+
|Utilization (%)  |     4160|      0|      4|    15|
+-----------------+---------+-------+-------+------+

+ Detail: 
    * Instance: 
    N/A

    * DSP48: 
    N/A

    * Memory: 
    +-------------------+----------------------------------------+---------+---+----+--------+-----+------+-------------+
    |       Memory      |                 Module                 | BRAM_18K| FF| LUT|  Words | Bits| Banks| W*Bits*Banks|
    +-------------------+----------------------------------------+---------+---+----+--------+-----+------+-------------+
    |queue_0_U          |connectedComponents_equivLabels_parent  |      512|  0|   0|  262144|   32|     1|      8388608|
    |queue_1_U          |connectedComponents_equivLabels_parent  |      512|  0|   0|  262144|   32|     1|      8388608|
    |dist_U             |connectedComponents_equivLabels_parent  |      512|  0|   0|  262144|   32|     1|      8388608|
    |neighbours_0_U     |watershed_algorithm_neighbours_0        |        0|  2|   1|       8|    2|     1|           16|
    |neighbours_1_U     |watershed_algorithm_neighbours_1        |        0|  2|   1|       8|    2|     1|           16|
    |watershedOutput_U  |watershed_algorithm_watershedOutput     |      128|  0|   0|  262144|    8|     1|      2097152|
    +-------------------+----------------------------------------+---------+---+----+--------+-----+------+-------------+
    |Total              |                                        |     1664|  4|   2| 1048592|  108|     6|     27263008|
    +-------------------+----------------------------------------+---------+---+----+--------+-----+------+-------------+

    * FIFO: 
    N/A

    * Expression: 
    +--------------------------------+----------+-------+---+----+------------+------------+
    |          Variable Name         | Operation| DSP48E| FF| LUT| Bitwidth P0| Bitwidth P1|
    +--------------------------------+----------+-------+---+----+------------+------------+
    |i_1_fu_378_p2                   |     +    |      0|  0|  17|          10|           1|
    |i_3_fu_449_p2                   |     +    |      0|  0|  17|          10|           1|
    |j_1_fu_406_p2                   |     +    |      0|  0|  17|          10|           1|
    |j_3_fu_477_p2                   |     +    |      0|  0|  17|          10|           1|
    |k_1_fu_557_p2                   |     +    |      0|  0|  13|           4|           1|
    |ni_fu_615_p2                    |     +    |      0|  0|  39|          32|          32|
    |nj_fu_623_p2                    |     +    |      0|  0|  39|          32|          32|
    |num_labels_1_fu_579_p2          |     +    |      0|  0|  39|           1|          32|
    |queue_end_2_fu_432_p2           |     +    |      0|  0|  39|          32|           1|
    |queue_end_3_fu_800_p2           |     +    |      0|  0|  39|          32|           1|
    |queue_start_1_fu_511_p2         |     +    |      0|  0|  39|          32|           1|
    |tmp_12_fu_487_p2                |     +    |      0|  0|  27|          20|          20|
    |tmp_15_fu_589_p2                |     +    |      0|  0|  15|           2|           8|
    |tmp_25_fu_782_p2                |     +    |      0|  0|  39|          32|           1|
    |tmp_28_fu_722_p2                |     +    |      0|  0|  27|          20|          20|
    |tmp_7_fu_539_p2                 |     +    |      0|  0|  27|          20|          20|
    |tmp_s_fu_416_p2                 |     +    |      0|  0|  27|          20|          20|
    |or_cond6_fu_700_p2              |    and   |      0|  0|   8|           1|           1|
    |tmp1_fu_688_p2                  |    and   |      0|  0|   8|           1|           1|
    |tmp2_fu_694_p2                  |    and   |      0|  0|   8|           1|           1|
    |exitcond1_fu_471_p2             |   icmp   |      0|  0|  13|          10|          11|
    |exitcond2_fu_443_p2             |   icmp   |      0|  0|  13|          10|          11|
    |exitcond3_fu_400_p2             |   icmp   |      0|  0|  13|          10|          11|
    |exitcond4_fu_372_p2             |   icmp   |      0|  0|  13|          10|          11|
    |exitcond_fu_551_p2              |   icmp   |      0|  0|  11|           4|           5|
    |grp_fu_354_p2                   |   icmp   |      0|  0|  11|           8|           1|
    |icmp1_fu_745_p2                 |   icmp   |      0|  0|  11|           7|           1|
    |icmp7_fu_682_p2                 |   icmp   |      0|  0|  18|          23|           1|
    |icmp_fu_652_p2                  |   icmp   |      0|  0|  18|          23|           1|
    |tmp_10_fu_569_p2                |   icmp   |      0|  0|  18|          32|          19|
    |tmp_22_fu_755_p2                |   icmp   |      0|  0|  18|          32|          32|
    |tmp_24_fu_777_p2                |   icmp   |      0|  0|  11|           8|           8|
    |tmp_26_fu_788_p2                |   icmp   |      0|  0|  18|          32|          32|
    |tmp_5_fu_505_p2                 |   icmp   |      0|  0|  18|          32|          32|
    |min_label_1_fu_769_p3           |  select  |      0|  0|  32|           1|          32|
    |min_label_3_min_labe_fu_761_p3  |  select  |      0|  0|  32|           1|          32|
    |num_labels_2_fu_604_p3          |  select  |      0|  0|  32|           1|          32|
    |storemerge1_cast_cas_fu_497_p3  |  select  |      0|  0|  19|           1|           1|
    |storemerge_fu_595_p3            |  select  |      0|  0|   8|           1|           8|
    |rev4_fu_666_p2                  |    xor   |      0|  0|   8|           1|           2|
    |rev_fu_636_p2                   |    xor   |      0|  0|   8|           1|           2|
    +--------------------------------+----------+-------+---+----+------------+------------+
    |Total                           |          |      0|  0| 844|         570|         481|
    +--------------------------------+----------+-------+---+----+------------+------------+

    * Multiplexer: 
    +----------------------------------------+-----+-----------+-----+-----------+
    |                  Name                  | LUT | Input Size| Bits| Total Bits|
    +----------------------------------------+-----+-----------+-----+-----------+
    |ap_NS_fsm                               |  101|         21|    1|         21|
    |ap_phi_mux_min_label_be_phi_fu_337_p10  |    9|          2|   32|         64|
    |dist_address0                           |   21|          4|   18|         72|
    |dist_d0                                 |   15|          3|   32|         96|
    |grayOutput_address0                     |   15|          3|   18|         54|
    |i1_reg_265                              |    9|          2|   10|         20|
    |i_reg_243                               |    9|          2|   10|         20|
    |j2_reg_276                              |    9|          2|   10|         20|
    |j_reg_254                               |    9|          2|   10|         20|
    |k_reg_322                               |    9|          2|    4|          8|
    |min_label_be_reg_333                    |   15|          3|   32|         96|
    |min_label_reg_310                       |    9|          2|   32|         64|
    |num_labels_reg_298                      |    9|          2|   32|         64|
    |queue_0_address0                        |   21|          4|   18|         72|
    |queue_0_d0                              |   15|          3|   32|         96|
    |queue_1_address0                        |   21|          4|   18|         72|
    |queue_1_d0                              |   15|          3|   32|         96|
    |queue_end_1_fu_80                       |    9|          2|   32|         64|
    |queue_end_fu_64                         |    9|          2|   32|         64|
    |queue_start_reg_287                     |    9|          2|   32|         64|
    |watershedOutput_address0                |   33|          6|   18|        108|
    |watershedOutput_d0                      |   15|          3|    8|         24|
    +----------------------------------------+-----+-----------+-----+-----------+
    |Total                                   |  386|         79|  463|       1279|
    +----------------------------------------+-----+-----------+-----+-----------+

    * Register: 
    +---------------------------------+----+----+-----+-----------+
    |               Name              | FF | LUT| Bits| Const Bits|
    +---------------------------------+----+----+-----+-----------+
    |ap_CS_fsm                        |  20|   0|   20|          0|
    |dist_addr_2_reg_1015             |  18|   0|   18|          0|
    |dist_addr_reg_948                |  18|   0|   18|          0|
    |dist_load_1_reg_1036             |  32|   0|   32|          0|
    |grayOutput_addr_1_reg_1005       |  18|   0|   18|          0|
    |grayOutput_load_1_reg_953        |   8|   0|    8|          0|
    |i1_reg_265                       |  10|   0|   10|          0|
    |i_1_reg_831                      |  10|   0|   10|          0|
    |i_3_reg_865                      |  10|   0|   10|          0|
    |i_4_reg_923                      |  32|   0|   32|          0|
    |i_cast7_reg_823                  |  10|   0|   32|         22|
    |i_reg_243                        |  10|   0|   10|          0|
    |j2_reg_276                       |  10|   0|   10|          0|
    |j_1_reg_849                      |  10|   0|   10|          0|
    |j_2_reg_928                      |  32|   0|   32|          0|
    |j_3_reg_885                      |  10|   0|   10|          0|
    |j_cast6_reg_841                  |  10|   0|   32|         22|
    |j_reg_254                        |  10|   0|   10|          0|
    |k_1_reg_961                      |   4|   0|    4|          0|
    |k_reg_322                        |   4|   0|    4|          0|
    |min_label_1_reg_1020             |  32|   0|   32|          0|
    |min_label_be_reg_333             |  32|   0|   32|          0|
    |min_label_reg_310                |  32|   0|   32|          0|
    |neighbours_0_load_reg_981        |   2|   0|    2|          0|
    |neighbours_1_load_reg_986        |   2|   0|    2|          0|
    |ni_reg_991                       |  32|   0|   32|          0|
    |nj_reg_996                       |  32|   0|   32|          0|
    |num_labels_reg_298               |  32|   0|   32|          0|
    |or_cond6_reg_1001                |   1|   0|    1|          0|
    |queue_end_1_fu_80                |  32|   0|   32|          0|
    |queue_end_fu_64                  |  32|   0|   32|          0|
    |queue_end_load_reg_818           |  32|   0|   32|          0|
    |queue_start_1_reg_908            |  32|   0|   32|          0|
    |queue_start_reg_287              |  32|   0|   32|          0|
    |tmp_1_cast_reg_836               |  10|   0|   20|         10|
    |tmp_20_cast_reg_870              |  10|   0|   20|         10|
    |tmp_23_reg_1028                  |   1|   0|    1|          0|
    |tmp_24_reg_1032                  |   1|   0|    1|          0|
    |tmp_26_reg_1041                  |   1|   0|    1|          0|
    |tmp_32_cast_reg_890              |  20|   0|   64|         44|
    |tmp_7_reg_933                    |  20|   0|   20|          0|
    |tmp_8_reg_900                    |   1|   0|    1|          0|
    |watershedOutput_addr_1_reg_943   |  18|   0|   18|          0|
    |watershedOutput_addr_3_reg_1010  |  18|   0|   18|          0|
    +---------------------------------+----+----+-----+-----------+
    |Total                            | 743|   0|  851|        108|
    +---------------------------------+----+----+-----+-----------+



================================================================
== Interface
================================================================
* Summary: 
+---------------------+-----+-----+------------+---------------------+--------------+
|      RTL Ports      | Dir | Bits|  Protocol  |    Source Object    |    C Type    |
+---------------------+-----+-----+------------+---------------------+--------------+
|ap_clk               |  in |    1| ap_ctrl_hs | watershed_algorithm | return value |
|ap_rst               |  in |    1| ap_ctrl_hs | watershed_algorithm | return value |
|ap_start             |  in |    1| ap_ctrl_hs | watershed_algorithm | return value |
|ap_done              | out |    1| ap_ctrl_hs | watershed_algorithm | return value |
|ap_idle              | out |    1| ap_ctrl_hs | watershed_algorithm | return value |
|ap_ready             | out |    1| ap_ctrl_hs | watershed_algorithm | return value |
|grayOutput_address0  | out |   18|  ap_memory |      grayOutput     |     array    |
|grayOutput_ce0       | out |    1|  ap_memory |      grayOutput     |     array    |
|grayOutput_q0        |  in |    8|  ap_memory |      grayOutput     |     array    |
+---------------------+-----+-----+------------+---------------------+--------------+

