

================================================================
== Vivado HLS Report for 'imageProcessing'
================================================================
* Date:           Sun Apr 23 06:26:11 2023

* Version:        2018.3 (Build 2405991 on Thu Dec 06 23:56:15 MST 2018)
* Project:        watershed
* Solution:       solution1
* Product family: aartix7
* Target device:  xa7a12tcsg325-1q


================================================================
== Performance Estimates
================================================================
+ Timing (ns): 
    * Summary: 
    +--------+-------+----------+------------+
    |  Clock | Target| Estimated| Uncertainty|
    +--------+-------+----------+------------+
    |ap_clk  |  10.00|     8.606|        1.25|
    +--------+-------+----------+------------+

+ Latency (clock cycles): 
    * Summary: 
    +-----+-----+-----+-----+---------+
    |  Latency  |  Interval | Pipeline|
    | min | max | min | max |   Type  |
    +-----+-----+-----+-----+---------+
    |    ?|    ?|    ?|    ?|   none  |
    +-----+-----+-----+-----+---------+

    + Detail: 
        * Instance: 
        +-------------------------------+--------------------+-----+-----+-----+-----+---------+
        |                               |                    |  Latency  |  Interval | Pipeline|
        |            Instance           |       Module       | min | max | min | max |   Type  |
        +-------------------------------+--------------------+-----+-----+-----+-----+---------+
        |grp_image_segmentation_fu_141  |image_segmentation  |    ?|    ?|    ?|    ?|   none  |
        +-------------------------------+--------------------+-----+-----+-----+-----+---------+

        * Loop: 
        +-------------+--------+--------+----------+-----------+-----------+------+----------+
        |             |     Latency     | Iteration|  Initiation Interval  | Trip |          |
        |  Loop Name  |   min  |   max  |  Latency |  achieved |   target  | Count| Pipelined|
        +-------------+--------+--------+----------+-----------+-----------+------+----------+
        |- Loop 1     |  263168|  263168|       514|          -|          -|   512|    no    |
        | + Loop 1.1  |     512|     512|         1|          -|          -|   512|    no    |
        +-------------+--------+--------+----------+-----------+-----------+------+----------+



================================================================
== Utilization Estimates
================================================================
* Summary: 
+-----------------+---------+-------+-------+-------+
|       Name      | BRAM_18K| DSP48E|   FF  |  LUT  |
+-----------------+---------+-------+-------+-------+
|DSP              |        -|      -|      -|      -|
|Expression       |        -|      -|      0|     87|
|FIFO             |        -|      -|      -|      -|
|Instance         |     4007|     27|   7695|  17181|
|Memory           |       96|      -|      0|      0|
|Multiplexer      |        -|      -|      -|    135|
|Register         |        -|      -|     45|      -|
+-----------------+---------+-------+-------+-------+
|Total            |     4103|     27|   7740|  17403|
+-----------------+---------+-------+-------+-------+
|Available        |       40|     40|  16000|   8000|
+-----------------+---------+-------+-------+-------+
|Utilization (%)  |    10257|     67|     48|    217|
+-----------------+---------+-------+-------+-------+

+ Detail: 
    * Instance: 
    +-------------------------------+--------------------+---------+-------+------+-------+
    |            Instance           |       Module       | BRAM_18K| DSP48E|  FF  |  LUT  |
    +-------------------------------+--------------------+---------+-------+------+-------+
    |grp_image_segmentation_fu_141  |image_segmentation  |     4007|     27|  7695|  17181|
    +-------------------------------+--------------------+---------+-------+------+-------+
    |Total                          |                    |     4007|     27|  7695|  17181|
    +-------------------------------+--------------------+---------+-------+------+-------+

    * DSP48: 
    N/A

    * Memory: 
    +----------------------+------------------------------------+---------+---+----+--------+-----+------+-------------+
    |        Memory        |               Module               | BRAM_18K| FF| LUT|  Words | Bits| Banks| W*Bits*Banks|
    +----------------------+------------------------------------+---------+---+----+--------+-----+------+-------------+
    |finalOutputImage_r_U  |imageProcessing_finalOutputImage_r  |       16|  0|   0|  262144|    1|     1|       262144|
    |finalOutputImage_g_U  |imageProcessing_finalOutputImage_r  |       16|  0|   0|  262144|    1|     1|       262144|
    |finalOutputImage_b_U  |imageProcessing_finalOutputImage_r  |       16|  0|   0|  262144|    1|     1|       262144|
    |inputImage_r_U        |imageProcessing_inputImage_r        |       16|  0|   0|  262144|    1|     1|       262144|
    |inputImage_g_U        |imageProcessing_inputImage_r        |       16|  0|   0|  262144|    1|     1|       262144|
    |inputImage_b_U        |imageProcessing_inputImage_r        |       16|  0|   0|  262144|    1|     1|       262144|
    +----------------------+------------------------------------+---------+---+----+--------+-----+------+-------------+
    |Total                 |                                    |       96|  0|   0| 1572864|    6|     6|      1572864|
    +----------------------+------------------------------------+---------+---+----+--------+-----+------+-------------+

    * FIFO: 
    N/A

    * Expression: 
    +---------------------+----------+-------+---+----+------------+------------+
    |    Variable Name    | Operation| DSP48E| FF| LUT| Bitwidth P0| Bitwidth P1|
    +---------------------+----------+-------+---+----+------------+------------+
    |i_12_fu_185_p2       |     +    |      0|  0|  17|          10|           1|
    |j_11_fu_209_p2       |     +    |      0|  0|  17|          10|           1|
    |tmp_s_fu_219_p2      |     +    |      0|  0|  27|          20|          20|
    |exitcond1_fu_179_p2  |   icmp   |      0|  0|  13|          10|          11|
    |exitcond_fu_203_p2   |   icmp   |      0|  0|  13|          10|          11|
    +---------------------+----------+-------+---+----+------------+------------+
    |Total                |          |      0|  0|  87|          60|          44|
    +---------------------+----------+-------+---+----+------------+------------+

    * Multiplexer: 
    +-----------------------+----+-----------+-----+-----------+
    |          Name         | LUT| Input Size| Bits| Total Bits|
    +-----------------------+----+-----------+-----+-----------+
    |ap_NS_fsm              |  27|          5|    1|          5|
    |i_reg_119              |   9|          2|   10|         20|
    |inputImage_b_address0  |  15|          3|   18|         54|
    |inputImage_b_ce0       |  15|          3|    1|          3|
    |inputImage_g_address0  |  15|          3|   18|         54|
    |inputImage_g_ce0       |  15|          3|    1|          3|
    |inputImage_r_address0  |  15|          3|   18|         54|
    |inputImage_r_ce0       |  15|          3|    1|          3|
    |j_reg_130              |   9|          2|   10|         20|
    +-----------------------+----+-----------+-----+-----------+
    |Total                  | 135|         27|   78|        216|
    +-----------------------+----+-----------+-----+-----------+

    * Register: 
    +--------------------------------------------+----+----+-----+-----------+
    |                    Name                    | FF | LUT| Bits| Const Bits|
    +--------------------------------------------+----+----+-----+-----------+
    |ap_CS_fsm                                   |   4|   0|    4|          0|
    |grp_image_segmentation_fu_141_ap_start_reg  |   1|   0|    1|          0|
    |i_12_reg_234                                |  10|   0|   10|          0|
    |i_reg_119                                   |  10|   0|   10|          0|
    |j_reg_130                                   |  10|   0|   10|          0|
    |tmp_90_cast_reg_239                         |  10|   0|   20|         10|
    +--------------------------------------------+----+----+-----+-----------+
    |Total                                       |  45|   0|   55|         10|
    +--------------------------------------------+----+----+-----+-----------+



================================================================
== Interface
================================================================
* Summary: 
+----------+-----+-----+------------+-----------------+--------------+
| RTL Ports| Dir | Bits|  Protocol  |  Source Object  |    C Type    |
+----------+-----+-----+------------+-----------------+--------------+
|ap_clk    |  in |    1| ap_ctrl_hs | imageProcessing | return value |
|ap_rst    |  in |    1| ap_ctrl_hs | imageProcessing | return value |
|ap_start  |  in |    1| ap_ctrl_hs | imageProcessing | return value |
|ap_done   | out |    1| ap_ctrl_hs | imageProcessing | return value |
|ap_idle   | out |    1| ap_ctrl_hs | imageProcessing | return value |
|ap_ready  | out |    1| ap_ctrl_hs | imageProcessing | return value |
+----------+-----+-----+------------+-----------------+--------------+

