

================================================================
== Vivado HLS Report for 'morphologyEx'
================================================================
* Date:           Sun Apr 23 06:25:59 2023

* Version:        2018.3 (Build 2405991 on Thu Dec 06 23:56:15 MST 2018)
* Project:        watershed
* Solution:       solution1
* Product family: aartix7
* Target device:  xa7a12tcsg325-1q


================================================================
== Performance Estimates
================================================================
+ Timing (ns): 
    * Summary: 
    +--------+-------+----------+------------+
    |  Clock | Target| Estimated| Uncertainty|
    +--------+-------+----------+------------+
    |ap_clk  |  10.00|     8.435|        1.25|
    +--------+-------+----------+------------+

+ Latency (clock cycles): 
    * Summary: 
    +----------+----------+----------+----------+---------+
    |       Latency       |       Interval      | Pipeline|
    |    min   |    max   |    min   |    max   |   Type  |
    +----------+----------+----------+----------+---------+
    |  28578824|  28578824|  28578824|  28578824|   none  |
    +----------+----------+----------+----------+---------+

    + Detail: 
        * Instance: 
        N/A

        * Loop: 
        +-------------------------+----------+----------+----------+-----------+-----------+------+----------+
        |                         |       Latency       | Iteration|  Initiation Interval  | Trip |          |
        |        Loop Name        |    min   |    max   |  Latency |  achieved |   target  | Count| Pipelined|
        +-------------------------+----------+----------+----------+-----------+-----------+------+----------+
        |- Loop 1                 |   9176064|   9176064|     17922|          -|          -|   512|    no    |
        | + Loop 1.1              |     17920|     17920|        35|          -|          -|   512|    no    |
        |  ++ Loop 1.1.1          |        33|        33|        11|          -|          -|     3|    no    |
        |   +++ Loop 1.1.1.1      |         9|         9|         3|          -|          -|     3|    no    |
        |- Loop 2                 |  19402758|  19402758|   9701379|          -|          -|     2|    no    |
        | + Loop 2.1              |   9176064|   9176064|     17922|          -|          -|   512|    no    |
        |  ++ Loop 2.1.1          |     17920|     17920|        35|          -|          -|   512|    no    |
        |   +++ Loop 2.1.1.1      |        33|        33|        11|          -|          -|     3|    no    |
        |    ++++ Loop 2.1.1.1.1  |         9|         9|         3|          -|          -|     3|    no    |
        | + Loop 2.2              |    525312|    525312|      1026|          -|          -|   512|    no    |
        |  ++ Loop 2.2.1          |      1024|      1024|         2|          -|          -|   512|    no    |
        +-------------------------+----------+----------+----------+-----------+-----------+------+----------+



================================================================
== Utilization Estimates
================================================================
* Summary: 
+-----------------+---------+-------+-------+------+
|       Name      | BRAM_18K| DSP48E|   FF  |  LUT |
+-----------------+---------+-------+-------+------+
|DSP              |        -|      -|      -|     -|
|Expression       |        -|      -|      0|   801|
|FIFO             |        -|      -|      -|     -|
|Instance         |        -|      -|      -|     -|
|Memory           |      128|      -|      0|     0|
|Multiplexer      |        -|      -|      -|   275|
|Register         |        -|      -|    441|     -|
+-----------------+---------+-------+-------+------+
|Total            |      128|      0|    441|  1076|
+-----------------+---------+-------+-------+------+
|Available        |       40|     40|  16000|  8000|
+-----------------+---------+-------+-------+------+
|Utilization (%)  |      320|      0|      2|    13|
+-----------------+---------+-------+-------+------+

+ Detail: 
    * Instance: 
    N/A

    * DSP48: 
    N/A

    * Memory: 
    +--------+-------------------+---------+---+----+--------+-----+------+-------------+
    | Memory |       Module      | BRAM_18K| FF| LUT|  Words | Bits| Banks| W*Bits*Banks|
    +--------+-------------------+---------+---+----+--------+-----+------+-------------+
    |temp_U  |morphologyEx_temp  |      128|  0|   0|  262144|    8|     1|      2097152|
    +--------+-------------------+---------+---+----+--------+-----+------+-------------+
    |Total   |                   |      128|  0|   0|  262144|    8|     1|      2097152|
    +--------+-------------------+---------+---+----+--------+-----+------+-------------+

    * FIFO: 
    N/A

    * Expression: 
    +-------------------------------+----------+-------+---+----+------------+------------+
    |         Variable Name         | Operation| DSP48E| FF| LUT| Bitwidth P0| Bitwidth P1|
    +-------------------------------+----------+-------+---+----+------------+------------+
    |i_8_fu_553_p2                  |     +    |      0|  0|  17|          10|           1|
    |i_9_fu_801_p2                  |     +    |      0|  0|  17|          10|           1|
    |i_fu_297_p2                    |     +    |      0|  0|  17|          10|           1|
    |iter_1_fu_537_p2               |     +    |      0|  0|  10|           2|           1|
    |j_7_fu_825_p2                  |     +    |      0|  0|  17|          10|           1|
    |j_8_fu_581_p2                  |     +    |      0|  0|  17|          10|           1|
    |j_fu_325_p2                    |     +    |      0|  0|  17|          10|           1|
    |k_2_fu_337_p2                  |     +    |      0|  0|  10|           2|           1|
    |k_3_fu_593_p2                  |     +    |      0|  0|  10|           2|           1|
    |l_1_fu_427_p2                  |     +    |      0|  0|  10|           2|           1|
    |l_2_fu_683_p2                  |     +    |      0|  0|  10|           2|           1|
    |tmp2_fu_343_p2                 |     +    |      0|  0|  10|           2|           2|
    |tmp3_fu_433_p2                 |     +    |      0|  0|  10|           2|           2|
    |tmp6_fu_599_p2                 |     +    |      0|  0|  10|           2|           2|
    |tmp7_fu_689_p2                 |     +    |      0|  0|  10|           2|           2|
    |tmp_46_fu_411_p2               |     +    |      0|  0|  27|          20|          20|
    |tmp_49_fu_493_p2               |     +    |      0|  0|  27|          20|          20|
    |tmp_51_fu_835_p2               |     +    |      0|  0|  27|          20|          20|
    |tmp_52_fu_667_p2               |     +    |      0|  0|  27|          20|          20|
    |tmp_58_fu_749_p2               |     +    |      0|  0|  27|          20|          20|
    |x_1_fu_609_p2                  |     +    |      0|  0|  18|          11|          11|
    |x_fu_353_p2                    |     +    |      0|  0|  18|          11|          11|
    |y_1_fu_699_p2                  |     +    |      0|  0|  18|          11|          11|
    |y_fu_443_p2                    |     +    |      0|  0|  18|          11|          11|
    |or_cond3_fu_484_p2             |    and   |      0|  0|   8|           1|           1|
    |or_cond6_fu_740_p2             |    and   |      0|  0|   8|           1|           1|
    |tmp4_fu_396_p2                 |    and   |      0|  0|   8|           1|           1|
    |tmp5_fu_478_p2                 |    and   |      0|  0|   8|           1|           1|
    |tmp8_fu_652_p2                 |    and   |      0|  0|   8|           1|           1|
    |tmp9_fu_734_p2                 |    and   |      0|  0|   8|           1|           1|
    |exitcond10_fu_291_p2           |   icmp   |      0|  0|  13|          10|          11|
    |exitcond1_fu_795_p2            |   icmp   |      0|  0|  13|          10|          11|
    |exitcond2_fu_677_p2            |   icmp   |      0|  0|   8|           2|           2|
    |exitcond3_fu_587_p2            |   icmp   |      0|  0|   8|           2|           2|
    |exitcond4_fu_575_p2            |   icmp   |      0|  0|  13|          10|          11|
    |exitcond5_fu_547_p2            |   icmp   |      0|  0|  13|          10|          11|
    |exitcond6_fu_531_p2            |   icmp   |      0|  0|   9|           2|           3|
    |exitcond7_fu_421_p2            |   icmp   |      0|  0|   8|           2|           2|
    |exitcond8_fu_331_p2            |   icmp   |      0|  0|   8|           2|           2|
    |exitcond9_fu_319_p2            |   icmp   |      0|  0|  13|          10|          11|
    |exitcond_fu_819_p2             |   icmp   |      0|  0|  13|          10|          11|
    |icmp2_fu_472_p2                |   icmp   |      0|  0|   8|           2|           1|
    |icmp3_fu_638_p2                |   icmp   |      0|  0|   8|           2|           1|
    |icmp4_fu_728_p2                |   icmp   |      0|  0|   8|           2|           1|
    |icmp_fu_382_p2                 |   icmp   |      0|  0|   8|           2|           1|
    |tmp_50_fu_510_p2               |   icmp   |      0|  0|  18|          32|          32|
    |tmp_59_fu_766_p2               |   icmp   |      0|  0|  18|          32|          32|
    |max_val_2_max_val_1_fu_776_p3  |  select  |      0|  0|  31|           1|          31|
    |max_val_3_fu_788_p3            |  select  |      0|  0|  32|           1|          32|
    |min_val_2_fu_502_p3            |  select  |      0|  0|   8|           1|           8|
    |min_val_2_min_val_1_fu_516_p3  |  select  |      0|  0|  32|           1|          32|
    |min_val_3_fu_524_p3            |  select  |      0|  0|  32|           1|          32|
    |rev1_fu_622_p2                 |    xor   |      0|  0|   8|           1|           2|
    |rev2_fu_712_p2                 |    xor   |      0|  0|   8|           1|           2|
    |rev7_fu_456_p2                 |    xor   |      0|  0|   8|           1|           2|
    |rev_fu_366_p2                  |    xor   |      0|  0|   8|           1|           2|
    +-------------------------------+----------+-------+---+----+------------+------------+
    |Total                          |          |      0|  0| 801|         379|         457|
    +-------------------------------+----------+-------+---+----+------------+------------+

    * Multiplexer: 
    +-------------------+----+-----------+-----+-----------+
    |        Name       | LUT| Input Size| Bits| Total Bits|
    +-------------------+----+-----------+-----+-----------+
    |ap_NS_fsm          |  89|         18|    1|         18|
    |dst_address0       |  21|          4|   18|         72|
    |dst_d0             |  15|          3|    8|         24|
    |i1_reg_116         |   9|          2|   10|         20|
    |i3_reg_196         |   9|          2|   10|         20|
    |i9_reg_265         |   9|          2|   10|         20|
    |iter_reg_185       |   9|          2|    2|          4|
    |j2_reg_127         |   9|          2|   10|         20|
    |j4_reg_207         |   9|          2|   10|         20|
    |j9_reg_276         |   9|          2|   10|         20|
    |k5_reg_231         |   9|          2|    2|          4|
    |k_reg_139          |   9|          2|    2|          4|
    |l6_reg_254         |   9|          2|    2|          4|
    |l_reg_162          |   9|          2|    2|          4|
    |max_val_1_reg_242  |   9|          2|   32|         64|
    |max_val_reg_219    |   9|          2|   32|         64|
    |min_val_1_reg_173  |   9|          2|   32|         64|
    |min_val_reg_150    |   9|          2|   32|         64|
    |temp_address0      |  15|          3|   18|         54|
    +-------------------+----+-----------+-----+-----------+
    |Total              | 275|         58|  243|        564|
    +-------------------+----+-----------+-----+-----------+

    * Register: 
    +----------------------+----+----+-----+-----------+
    |         Name         | FF | LUT| Bits| Const Bits|
    +----------------------+----+----+-----+-----------+
    |ap_CS_fsm             |  17|   0|   17|          0|
    |i1_cast_reg_845       |  10|   0|   11|          1|
    |i1_reg_116            |  10|   0|   10|          0|
    |i3_cast_reg_930       |  10|   0|   11|          1|
    |i3_reg_196            |  10|   0|   10|          0|
    |i9_reg_265            |  10|   0|   10|          0|
    |i_8_reg_938           |  10|   0|   10|          0|
    |i_9_reg_1010          |  10|   0|   10|          0|
    |i_reg_853             |  10|   0|   10|          0|
    |iter_1_reg_925        |   2|   0|    2|          0|
    |iter_reg_185          |   2|   0|    2|          0|
    |j2_cast_reg_863       |  10|   0|   11|          1|
    |j2_reg_127            |  10|   0|   10|          0|
    |j4_cast_reg_948       |  10|   0|   11|          1|
    |j4_reg_207            |  10|   0|   10|          0|
    |j9_reg_276            |  10|   0|   10|          0|
    |j_7_reg_1023          |  10|   0|   10|          0|
    |j_8_reg_956           |  10|   0|   10|          0|
    |j_reg_871             |  10|   0|   10|          0|
    |k5_reg_231            |   2|   0|    2|          0|
    |k_2_reg_879           |   2|   0|    2|          0|
    |k_3_reg_964           |   2|   0|    2|          0|
    |k_reg_139             |   2|   0|    2|          0|
    |l6_reg_254            |   2|   0|    2|          0|
    |l_1_reg_897           |   2|   0|    2|          0|
    |l_2_reg_982           |   2|   0|    2|          0|
    |l_reg_162             |   2|   0|    2|          0|
    |max_val_1_reg_242     |  32|   0|   32|          0|
    |max_val_reg_219       |  32|   0|   32|          0|
    |min_val_1_reg_173     |  32|   0|   32|          0|
    |min_val_reg_150       |  32|   0|   32|          0|
    |or_cond3_reg_902      |   1|   0|    1|          0|
    |or_cond6_reg_987      |   1|   0|    1|          0|
    |tmp4_reg_889          |   1|   0|    1|          0|
    |tmp8_reg_974          |   1|   0|    1|          0|
    |tmp_47_reg_884        |  11|   0|   20|          9|
    |tmp_49_reg_907        |  20|   0|   20|          0|
    |tmp_50_cast_reg_858   |  10|   0|   20|         10|
    |tmp_52_cast_reg_943   |  10|   0|   20|         10|
    |tmp_55_reg_969        |  11|   0|   20|          9|
    |tmp_58_reg_992        |  20|   0|   20|          0|
    |tmp_59_cast_reg_1015  |  10|   0|   20|         10|
    |tmp_66_cast_reg_1028  |  20|   0|   64|         44|
    +----------------------+----+----+-----+-----------+
    |Total                 | 441|   0|  537|         96|
    +----------------------+----+----+-----+-----------+



================================================================
== Interface
================================================================
* Summary: 
+--------------------------+-----+-----+------------+-----------------+--------------+
|         RTL Ports        | Dir | Bits|  Protocol  |  Source Object  |    C Type    |
+--------------------------+-----+-----+------------+-----------------+--------------+
|ap_clk                    |  in |    1| ap_ctrl_hs |   morphologyEx  | return value |
|ap_rst                    |  in |    1| ap_ctrl_hs |   morphologyEx  | return value |
|ap_start                  |  in |    1| ap_ctrl_hs |   morphologyEx  | return value |
|ap_done                   | out |    1| ap_ctrl_hs |   morphologyEx  | return value |
|ap_idle                   | out |    1| ap_ctrl_hs |   morphologyEx  | return value |
|ap_ready                  | out |    1| ap_ctrl_hs |   morphologyEx  | return value |
|dst_address0              | out |   18|  ap_memory |       dst       |     array    |
|dst_ce0                   | out |    1|  ap_memory |       dst       |     array    |
|dst_we0                   | out |    1|  ap_memory |       dst       |     array    |
|dst_d0                    | out |    8|  ap_memory |       dst       |     array    |
|dst_q0                    |  in |    8|  ap_memory |       dst       |     array    |
|binaryThreshold_address0  | out |   18|  ap_memory | binaryThreshold |     array    |
|binaryThreshold_ce0       | out |    1|  ap_memory | binaryThreshold |     array    |
|binaryThreshold_q0        |  in |    1|  ap_memory | binaryThreshold |     array    |
+--------------------------+-----+-----+------------+-----------------+--------------+

